exports[`Edit form tests Should component render the task correctly 1`] = `
initialize {
  "0": Object {
    "attribs": Object {},
    "children": Array [
      Object {
        "attribs": Object {
          "class": "",
        },
        "children": Array [
          Object {
            "attribs": Object {
              "class": "col-md-offset-8",
            },
            "children": Array [
              Object {
                "attribs": Object {
                  "class": "btn btn-default",
                  "type": "submit",
                },
                "children": Array [
                  Object {
                    "data": "Save changes",
                    "next": null,
                    "parent": [Circular],
                    "prev": null,
                    "type": "text",
                  },
                ],
                "name": "button",
                "next": Object {
                  "data": " ",
                  "next": Object {
                    "attribs": Object {
                      "class": "btn btn-default",
                      "type": "button",
                    },
                    "children": Array [
                      Object {
                        "data": "Cancel",
                        "next": null,
                        "parent": [Circular],
                        "prev": null,
                        "type": "text",
                      },
                    ],
                    "name": "button",
                    "next": null,
                    "parent": [Circular],
                    "prev": [Circular],
                    "type": "tag",
                  },
                  "parent": [Circular],
                  "prev": [Circular],
                  "type": "text",
                },
                "parent": [Circular],
                "prev": null,
                "type": "tag",
              },
              Object {
                "data": " ",
                "next": Object {
                  "attribs": Object {
                    "class": "btn btn-default",
                    "type": "button",
                  },
                  "children": Array [
                    Object {
                      "data": "Cancel",
                      "next": null,
                      "parent": [Circular],
                      "prev": null,
                      "type": "text",
                    },
                  ],
                  "name": "button",
                  "next": null,
                  "parent": [Circular],
                  "prev": [Circular],
                  "type": "tag",
                },
                "parent": [Circular],
                "prev": Object {
                  "attribs": Object {
                    "class": "btn btn-default",
                    "type": "submit",
                  },
                  "children": Array [
                    Object {
                      "data": "Save changes",
                      "next": null,
                      "parent": [Circular],
                      "prev": null,
                      "type": "text",
                    },
                  ],
                  "name": "button",
                  "next": [Circular],
                  "parent": [Circular],
                  "prev": null,
                  "type": "tag",
                },
                "type": "text",
              },
              Object {
                "attribs": Object {
                  "class": "btn btn-default",
                  "type": "button",
                },
                "children": Array [
                  Object {
                    "data": "Cancel",
                    "next": null,
                    "parent": [Circular],
                    "prev": null,
                    "type": "text",
                  },
                ],
                "name": "button",
                "next": null,
                "parent": [Circular],
                "prev": Object {
                  "data": " ",
                  "next": [Circular],
                  "parent": [Circular],
                  "prev": Object {
                    "attribs": Object {
                      "class": "btn btn-default",
                      "type": "submit",
                    },
                    "children": Array [
                      Object {
                        "data": "Save changes",
                        "next": null,
                        "parent": [Circular],
                        "prev": null,
                        "type": "text",
                      },
                    ],
                    "name": "button",
                    "next": [Circular],
                    "parent": [Circular],
                    "prev": null,
                    "type": "tag",
                  },
                  "type": "text",
                },
                "type": "tag",
              },
            ],
            "name": "div",
            "next": Object {
              "attribs": Object {
                "class": "col-md-10",
              },
              "children": Array [
                Object {
                  "attribs": Object {
                    "class": "form-group",
                  },
                  "children": Array [
                    Object {
                      "attribs": Object {
                        "class": "control-label",
                        "for": "formTaskTitle",
                        "style": "margin:1em 0;",
                      },
                      "children": Array [
                        Object {
                          "data": "Title",
                          "next": null,
                          "parent": [Circular],
                          "prev": null,
                          "type": "text",
                        },
                      ],
                      "name": "label",
                      "next": Object {
                        "attribs": Object {
                          "class": "form-control",
                          "id": "formTaskTitle",
                          "placeholder": "Title",
                          "required": "",
                          "type": "text",
                          "value": "Test 1",
                        },
                        "children": Array [],
                        "name": "input",
                        "next": null,
                        "parent": [Circular],
                        "prev": [Circular],
                        "type": "tag",
                      },
                      "parent": [Circular],
                      "prev": null,
                      "type": "tag",
                    },
                    Object {
                      "attribs": Object {
                        "class": "form-control",
                        "id": "formTaskTitle",
                        "placeholder": "Title",
                        "required": "",
                        "type": "text",
                        "value": "Test 1",
                      },
                      "children": Array [],
                      "name": "input",
                      "next": null,
                      "parent": [Circular],
                      "prev": Object {
                        "attribs": Object {
                          "class": "control-label",
                          "for": "formTaskTitle",
                          "style": "margin:1em 0;",
                        },
                        "children": Array [
                          Object {
                            "data": "Title",
                            "next": null,
                            "parent": [Circular],
                            "prev": null,
                            "type": "text",
                          },
                        ],
                        "name": "label",
                        "next": [Circular],
                        "parent": [Circular],
                        "prev": null,
                        "type": "tag",
                      },
                      "type": "tag",
                    },
                  ],
                  "name": "div",
                  "next": null,
                  "parent": [Circular],
                  "prev": null,
                  "type": "tag",
                },
              ],
              "name": "div",
              "next": Object {
                "attribs": Object {
                  "class": "col-md-10",
                },
                "children": Array [
                  Object {
                    "attribs": Object {
                      "class": "checkbox",
                    },
                    "children": Array [
                      Object {
                        "attribs": Object {},
                        "children": Array [
                          Object {
                            "attribs": Object {
                              "type": "checkbox",
                            },
                            "children": Array [],
                            "name": "input",
                            "next": Object {
                              "data": "Active",
                              "next": null,
                              "parent": [Circular],
                              "prev": [Circular],
                              "type": "text",
                            },
                            "parent": [Circular],
                            "prev": null,
                            "type": "tag",
                          },
                          Object {
                            "data": "Active",
                            "next": null,
                            "parent": [Circular],
                            "prev": Object {
                              "attribs": Object {
                                "type": "checkbox",
                              },
                              "children": Array [],
                              "name": "input",
                              "next": [Circular],
                              "parent": [Circular],
                              "prev": null,
                              "type": "tag",
                            },
                            "type": "text",
                          },
                        ],
                        "name": "label",
                        "next": null,
                        "parent": [Circular],
                        "prev": null,
                        "type": "tag",
                      },
                    ],
                    "name": "div",
                    "next": null,
                    "parent": [Circular],
                    "prev": null,
                    "type": "tag",
                  },
                ],
                "name": "div",
                "next": Object {
                  "attribs": Object {
                    "class": "col-md-10",
                  },
                  "children": Array [
                    Object {
                      "attribs": Object {
                        "class": "form-group",
                      },
                      "children": Array [
                        Object {
                          "attribs": Object {
                            "class": "control-label",
                            "for": "formTaskDescription",
                            "style": "margin:1em 0;",
                          },
                          "children": Array [
                            Object {
                              "data": "Description",
                              "next": null,
                              "parent": [Circular],
                              "prev": null,
                              "type": "text",
                            },
                          ],
                          "name": "label",
                          "next": Object {
                            "attribs": Object {
                              "class": "form-control",
                              "id": "formTaskDescription",
                              "placeholder": "Description",
                            },
                            "children": Array [
                              Object {
                                "data": "description...",
                                "next": null,
                                "parent": [Circular],
                                "prev": null,
                                "type": "text",
                              },
                            ],
                            "name": "textarea",
                            "next": null,
                            "parent": [Circular],
                            "prev": [Circular],
                            "type": "tag",
                          },
                          "parent": [Circular],
                          "prev": null,
                          "type": "tag",
                        },
                        Object {
                          "attribs": Object {
                            "class": "form-control",
                            "id": "formTaskDescription",
                            "placeholder": "Description",
                          },
                          "children": Array [
                            Object {
                              "data": "description...",
                              "next": null,
                              "parent": [Circular],
                              "prev": null,
                              "type": "text",
                            },
                          ],
                          "name": "textarea",
                          "next": null,
                          "parent": [Circular],
                          "prev": Object {
                            "attribs": Object {
                              "class": "control-label",
                              "for": "formTaskDescription",
                              "style": "margin:1em 0;",
                            },
                            "children": Array [
                              Object {
                                "data": "Description",
                                "next": null,
                                "parent": [Circular],
                                "prev": null,
                                "type": "text",
                              },
                            ],
                            "name": "label",
                            "next": [Circular],
                            "parent": [Circular],
                            "prev": null,
                            "type": "tag",
                          },
                          "type": "tag",
                        },
                      ],
                      "name": "div",
                      "next": null,
                      "parent": [Circular],
                      "prev": null,
                      "type": "tag",
                    },
                  ],
                  "name": "div",
                  "next": null,
                  "parent": [Circular],
                  "prev": [Circular],
                  "type": "tag",
                },
                "parent": [Circular],
                "prev": [Circular],
                "type": "tag",
              },
              "parent": [Circular],
              "prev": [Circular],
              "type": "tag",
            },
            "parent": [Circular],
            "prev": null,
            "type": "tag",
          },
          Object {
            "attribs": Object {
              "class": "col-md-10",
            },
            "children": Array [
              Object {
                "attribs": Object {
                  "class": "form-group",
                },
                "children": Array [
                  Object {
                    "attribs": Object {
                      "class": "control-label",
                      "for": "formTaskTitle",
                      "style": "margin:1em 0;",
                    },
                    "children": Array [
                      Object {
                        "data": "Title",
                        "next": null,
                        "parent": [Circular],
                        "prev": null,
                        "type": "text",
                      },
                    ],
                    "name": "label",
                    "next": Object {
                      "attribs": Object {
                        "class": "form-control",
                        "id": "formTaskTitle",
                        "placeholder": "Title",
                        "required": "",
                        "type": "text",
                        "value": "Test 1",
                      },
                      "children": Array [],
                      "name": "input",
                      "next": null,
                      "parent": [Circular],
                      "prev": [Circular],
                      "type": "tag",
                    },
                    "parent": [Circular],
                    "prev": null,
                    "type": "tag",
                  },
                  Object {
                    "attribs": Object {
                      "class": "form-control",
                      "id": "formTaskTitle",
                      "placeholder": "Title",
                      "required": "",
                      "type": "text",
                      "value": "Test 1",
                    },
                    "children": Array [],
                    "name": "input",
                    "next": null,
                    "parent": [Circular],
                    "prev": Object {
                      "attribs": Object {
                        "class": "control-label",
                        "for": "formTaskTitle",
                        "style": "margin:1em 0;",
                      },
                      "children": Array [
                        Object {
                          "data": "Title",
                          "next": null,
                          "parent": [Circular],
                          "prev": null,
                          "type": "text",
                        },
                      ],
                      "name": "label",
                      "next": [Circular],
                      "parent": [Circular],
                      "prev": null,
                      "type": "tag",
                    },
                    "type": "tag",
                  },
                ],
                "name": "div",
                "next": null,
                "parent": [Circular],
                "prev": null,
                "type": "tag",
              },
            ],
            "name": "div",
            "next": Object {
              "attribs": Object {
                "class": "col-md-10",
              },
              "children": Array [
                Object {
                  "attribs": Object {
                    "class": "checkbox",
                  },
                  "children": Array [
                    Object {
                      "attribs": Object {},
                      "children": Array [
                        Object {
                          "attribs": Object {
                            "type": "checkbox",
                          },
                          "children": Array [],
                          "name": "input",
                          "next": Object {
                            "data": "Active",
                            "next": null,
                            "parent": [Circular],
                            "prev": [Circular],
                            "type": "text",
                          },
                          "parent": [Circular],
                          "prev": null,
                          "type": "tag",
                        },
                        Object {
                          "data": "Active",
                          "next": null,
                          "parent": [Circular],
                          "prev": Object {
                            "attribs": Object {
                              "type": "checkbox",
                            },
                            "children": Array [],
                            "name": "input",
                            "next": [Circular],
                            "parent": [Circular],
                            "prev": null,
                            "type": "tag",
                          },
                          "type": "text",
                        },
                      ],
                      "name": "label",
                      "next": null,
                      "parent": [Circular],
                      "prev": null,
                      "type": "tag",
                    },
                  ],
                  "name": "div",
                  "next": null,
                  "parent": [Circular],
                  "prev": null,
                  "type": "tag",
                },
              ],
              "name": "div",
              "next": Object {
                "attribs": Object {
                  "class": "col-md-10",
                },
                "children": Array [
                  Object {
                    "attribs": Object {
                      "class": "form-group",
                    },
                    "children": Array [
                      Object {
                        "attribs": Object {
                          "class": "control-label",
                          "for": "formTaskDescription",
                          "style": "margin:1em 0;",
                        },
                        "children": Array [
                          Object {
                            "data": "Description",
                            "next": null,
                            "parent": [Circular],
                            "prev": null,
                            "type": "text",
                          },
                        ],
                        "name": "label",
                        "next": Object {
                          "attribs": Object {
                            "class": "form-control",
                            "id": "formTaskDescription",
                            "placeholder": "Description",
                          },
                          "children": Array [
                            Object {
                              "data": "description...",
                              "next": null,
                              "parent": [Circular],
                              "prev": null,
                              "type": "text",
                            },
                          ],
                          "name": "textarea",
                          "next": null,
                          "parent": [Circular],
                          "prev": [Circular],
                          "type": "tag",
                        },
                        "parent": [Circular],
                        "prev": null,
                        "type": "tag",
                      },
                      Object {
                        "attribs": Object {
                          "class": "form-control",
                          "id": "formTaskDescription",
                          "placeholder": "Description",
                        },
                        "children": Array [
                          Object {
                            "data": "description...",
                            "next": null,
                            "parent": [Circular],
                            "prev": null,
                            "type": "text",
                          },
                        ],
                        "name": "textarea",
                        "next": null,
                        "parent": [Circular],
                        "prev": Object {
                          "attribs": Object {
                            "class": "control-label",
                            "for": "formTaskDescription",
                            "style": "margin:1em 0;",
                          },
                          "children": Array [
                            Object {
                              "data": "Description",
                              "next": null,
                              "parent": [Circular],
                              "prev": null,
                              "type": "text",
                            },
                          ],
                          "name": "label",
                          "next": [Circular],
                          "parent": [Circular],
                          "prev": null,
                          "type": "tag",
                        },
                        "type": "tag",
                      },
                    ],
                    "name": "div",
                    "next": null,
                    "parent": [Circular],
                    "prev": null,
                    "type": "tag",
                  },
                ],
                "name": "div",
                "next": null,
                "parent": [Circular],
                "prev": [Circular],
                "type": "tag",
              },
              "parent": [Circular],
              "prev": [Circular],
              "type": "tag",
            },
            "parent": [Circular],
            "prev": Object {
              "attribs": Object {
                "class": "col-md-offset-8",
              },
              "children": Array [
                Object {
                  "attribs": Object {
                    "class": "btn btn-default",
                    "type": "submit",
                  },
                  "children": Array [
                    Object {
                      "data": "Save changes",
                      "next": null,
                      "parent": [Circular],
                      "prev": null,
                      "type": "text",
                    },
                  ],
                  "name": "button",
                  "next": Object {
                    "data": " ",
                    "next": Object {
                      "attribs": Object {
                        "class": "btn btn-default",
                        "type": "button",
                      },
                      "children": Array [
                        Object {
                          "data": "Cancel",
                          "next": null,
                          "parent": [Circular],
                          "prev": null,
                          "type": "text",
                        },
                      ],
                      "name": "button",
                      "next": null,
                      "parent": [Circular],
                      "prev": [Circular],
                      "type": "tag",
                    },
                    "parent": [Circular],
                    "prev": [Circular],
                    "type": "text",
                  },
                  "parent": [Circular],
                  "prev": null,
                  "type": "tag",
                },
                Object {
                  "data": " ",
                  "next": Object {
                    "attribs": Object {
                      "class": "btn btn-default",
                      "type": "button",
                    },
                    "children": Array [
                      Object {
                        "data": "Cancel",
                        "next": null,
                        "parent": [Circular],
                        "prev": null,
                        "type": "text",
                      },
                    ],
                    "name": "button",
                    "next": null,
                    "parent": [Circular],
                    "prev": [Circular],
                    "type": "tag",
                  },
                  "parent": [Circular],
                  "prev": Object {
                    "attribs": Object {
                      "class": "btn btn-default",
                      "type": "submit",
                    },
                    "children": Array [
                      Object {
                        "data": "Save changes",
                        "next": null,
                        "parent": [Circular],
                        "prev": null,
                        "type": "text",
                      },
                    ],
                    "name": "button",
                    "next": [Circular],
                    "parent": [Circular],
                    "prev": null,
                    "type": "tag",
                  },
                  "type": "text",
                },
                Object {
                  "attribs": Object {
                    "class": "btn btn-default",
                    "type": "button",
                  },
                  "children": Array [
                    Object {
                      "data": "Cancel",
                      "next": null,
                      "parent": [Circular],
                      "prev": null,
                      "type": "text",
                    },
                  ],
                  "name": "button",
                  "next": null,
                  "parent": [Circular],
                  "prev": Object {
                    "data": " ",
                    "next": [Circular],
                    "parent": [Circular],
                    "prev": Object {
                      "attribs": Object {
                        "class": "btn btn-default",
                        "type": "submit",
                      },
                      "children": Array [
                        Object {
                          "data": "Save changes",
                          "next": null,
                          "parent": [Circular],
                          "prev": null,
                          "type": "text",
                        },
                      ],
                      "name": "button",
                      "next": [Circular],
                      "parent": [Circular],
                      "prev": null,
                      "type": "tag",
                    },
                    "type": "text",
                  },
                  "type": "tag",
                },
              ],
              "name": "div",
              "next": [Circular],
              "parent": [Circular],
              "prev": null,
              "type": "tag",
            },
            "type": "tag",
          },
          Object {
            "attribs": Object {
              "class": "col-md-10",
            },
            "children": Array [
              Object {
                "attribs": Object {
                  "class": "checkbox",
                },
                "children": Array [
                  Object {
                    "attribs": Object {},
                    "children": Array [
                      Object {
                        "attribs": Object {
                          "type": "checkbox",
                        },
                        "children": Array [],
                        "name": "input",
                        "next": Object {
                          "data": "Active",
                          "next": null,
                          "parent": [Circular],
                          "prev": [Circular],
                          "type": "text",
                        },
                        "parent": [Circular],
                        "prev": null,
                        "type": "tag",
                      },
                      Object {
                        "data": "Active",
                        "next": null,
                        "parent": [Circular],
                        "prev": Object {
                          "attribs": Object {
                            "type": "checkbox",
                          },
                          "children": Array [],
                          "name": "input",
                          "next": [Circular],
                          "parent": [Circular],
                          "prev": null,
                          "type": "tag",
                        },
                        "type": "text",
                      },
                    ],
                    "name": "label",
                    "next": null,
                    "parent": [Circular],
                    "prev": null,
                    "type": "tag",
                  },
                ],
                "name": "div",
                "next": null,
                "parent": [Circular],
                "prev": null,
                "type": "tag",
              },
            ],
            "name": "div",
            "next": Object {
              "attribs": Object {
                "class": "col-md-10",
              },
              "children": Array [
                Object {
                  "attribs": Object {
                    "class": "form-group",
                  },
                  "children": Array [
                    Object {
                      "attribs": Object {
                        "class": "control-label",
                        "for": "formTaskDescription",
                        "style": "margin:1em 0;",
                      },
                      "children": Array [
                        Object {
                          "data": "Description",
                          "next": null,
                          "parent": [Circular],
                          "prev": null,
                          "type": "text",
                        },
                      ],
                      "name": "label",
                      "next": Object {
                        "attribs": Object {
                          "class": "form-control",
                          "id": "formTaskDescription",
                          "placeholder": "Description",
                        },
                        "children": Array [
                          Object {
                            "data": "description...",
                            "next": null,
                            "parent": [Circular],
                            "prev": null,
                            "type": "text",
                          },
                        ],
                        "name": "textarea",
                        "next": null,
                        "parent": [Circular],
                        "prev": [Circular],
                        "type": "tag",
                      },
                      "parent": [Circular],
                      "prev": null,
                      "type": "tag",
                    },
                    Object {
                      "attribs": Object {
                        "class": "form-control",
                        "id": "formTaskDescription",
                        "placeholder": "Description",
                      },
                      "children": Array [
                        Object {
                          "data": "description...",
                          "next": null,
                          "parent": [Circular],
                          "prev": null,
                          "type": "text",
                        },
                      ],
                      "name": "textarea",
                      "next": null,
                      "parent": [Circular],
                      "prev": Object {
                        "attribs": Object {
                          "class": "control-label",
                          "for": "formTaskDescription",
                          "style": "margin:1em 0;",
                        },
                        "children": Array [
                          Object {
                            "data": "Description",
                            "next": null,
                            "parent": [Circular],
                            "prev": null,
                            "type": "text",
                          },
                        ],
                        "name": "label",
                        "next": [Circular],
                        "parent": [Circular],
                        "prev": null,
                        "type": "tag",
                      },
                      "type": "tag",
                    },
                  ],
                  "name": "div",
                  "next": null,
                  "parent": [Circular],
                  "prev": null,
                  "type": "tag",
                },
              ],
              "name": "div",
              "next": null,
              "parent": [Circular],
              "prev": [Circular],
              "type": "tag",
            },
            "parent": [Circular],
            "prev": Object {
              "attribs": Object {
                "class": "col-md-10",
              },
              "children": Array [
                Object {
                  "attribs": Object {
                    "class": "form-group",
                  },
                  "children": Array [
                    Object {
                      "attribs": Object {
                        "class": "control-label",
                        "for": "formTaskTitle",
                        "style": "margin:1em 0;",
                      },
                      "children": Array [
                        Object {
                          "data": "Title",
                          "next": null,
                          "parent": [Circular],
                          "prev": null,
                          "type": "text",
                        },
                      ],
                      "name": "label",
                      "next": Object {
                        "attribs": Object {
                          "class": "form-control",
                          "id": "formTaskTitle",
                          "placeholder": "Title",
                          "required": "",
                          "type": "text",
                          "value": "Test 1",
                        },
                        "children": Array [],
                        "name": "input",
                        "next": null,
                        "parent": [Circular],
                        "prev": [Circular],
                        "type": "tag",
                      },
                      "parent": [Circular],
                      "prev": null,
                      "type": "tag",
                    },
                    Object {
                      "attribs": Object {
                        "class": "form-control",
                        "id": "formTaskTitle",
                        "placeholder": "Title",
                        "required": "",
                        "type": "text",
                        "value": "Test 1",
                      },
                      "children": Array [],
                      "name": "input",
                      "next": null,
                      "parent": [Circular],
                      "prev": Object {
                        "attribs": Object {
                          "class": "control-label",
                          "for": "formTaskTitle",
                          "style": "margin:1em 0;",
                        },
                        "children": Array [
                          Object {
                            "data": "Title",
                            "next": null,
                            "parent": [Circular],
                            "prev": null,
                            "type": "text",
                          },
                        ],
                        "name": "label",
                        "next": [Circular],
                        "parent": [Circular],
                        "prev": null,
                        "type": "tag",
                      },
                      "type": "tag",
                    },
                  ],
                  "name": "div",
                  "next": null,
                  "parent": [Circular],
                  "prev": null,
                  "type": "tag",
                },
              ],
              "name": "div",
              "next": [Circular],
              "parent": [Circular],
              "prev": Object {
                "attribs": Object {
                  "class": "col-md-offset-8",
                },
                "children": Array [
                  Object {
                    "attribs": Object {
                      "class": "btn btn-default",
                      "type": "submit",
                    },
                    "children": Array [
                      Object {
                        "data": "Save changes",
                        "next": null,
                        "parent": [Circular],
                        "prev": null,
                        "type": "text",
                      },
                    ],
                    "name": "button",
                    "next": Object {
                      "data": " ",
                      "next": Object {
                        "attribs": Object {
                          "class": "btn btn-default",
                          "type": "button",
                        },
                        "children": Array [
                          Object {
                            "data": "Cancel",
                            "next": null,
                            "parent": [Circular],
                            "prev": null,
                            "type": "text",
                          },
                        ],
                        "name": "button",
                        "next": null,
                        "parent": [Circular],
                        "prev": [Circular],
                        "type": "tag",
                      },
                      "parent": [Circular],
                      "prev": [Circular],
                      "type": "text",
                    },
                    "parent": [Circular],
                    "prev": null,
                    "type": "tag",
                  },
                  Object {
                    "data": " ",
                    "next": Object {
                      "attribs": Object {
                        "class": "btn btn-default",
                        "type": "button",
                      },
                      "children": Array [
                        Object {
                          "data": "Cancel",
                          "next": null,
                          "parent": [Circular],
                          "prev": null,
                          "type": "text",
                        },
                      ],
                      "name": "button",
                      "next": null,
                      "parent": [Circular],
                      "prev": [Circular],
                      "type": "tag",
                    },
                    "parent": [Circular],
                    "prev": Object {
                      "attribs": Object {
                        "class": "btn btn-default",
                        "type": "submit",
                      },
                      "children": Array [
                        Object {
                          "data": "Save changes",
                          "next": null,
                          "parent": [Circular],
                          "prev": null,
                          "type": "text",
                        },
                      ],
                      "name": "button",
                      "next": [Circular],
                      "parent": [Circular],
                      "prev": null,
                      "type": "tag",
                    },
                    "type": "text",
                  },
                  Object {
                    "attribs": Object {
                      "class": "btn btn-default",
                      "type": "button",
                    },
                    "children": Array [
                      Object {
                        "data": "Cancel",
                        "next": null,
                        "parent": [Circular],
                        "prev": null,
                        "type": "text",
                      },
                    ],
                    "name": "button",
                    "next": null,
                    "parent": [Circular],
                    "prev": Object {
                      "data": " ",
                      "next": [Circular],
                      "parent": [Circular],
                      "prev": Object {
                        "attribs": Object {
                          "class": "btn btn-default",
                          "type": "submit",
                        },
                        "children": Array [
                          Object {
                            "data": "Save changes",
                            "next": null,
                            "parent": [Circular],
                            "prev": null,
                            "type": "text",
                          },
                        ],
                        "name": "button",
                        "next": [Circular],
                        "parent": [Circular],
                        "prev": null,
                        "type": "tag",
                      },
                      "type": "text",
                    },
                    "type": "tag",
                  },
                ],
                "name": "div",
                "next": [Circular],
                "parent": [Circular],
                "prev": null,
                "type": "tag",
              },
              "type": "tag",
            },
            "type": "tag",
          },
          Object {
            "attribs": Object {
              "class": "col-md-10",
            },
            "children": Array [
              Object {
                "attribs": Object {
                  "class": "form-group",
                },
                "children": Array [
                  Object {
                    "attribs": Object {
                      "class": "control-label",
                      "for": "formTaskDescription",
                      "style": "margin:1em 0;",
                    },
                    "children": Array [
                      Object {
                        "data": "Description",
                        "next": null,
                        "parent": [Circular],
                        "prev": null,
                        "type": "text",
                      },
                    ],
                    "name": "label",
                    "next": Object {
                      "attribs": Object {
                        "class": "form-control",
                        "id": "formTaskDescription",
                        "placeholder": "Description",
                      },
                      "children": Array [
                        Object {
                          "data": "description...",
                          "next": null,
                          "parent": [Circular],
                          "prev": null,
                          "type": "text",
                        },
                      ],
                      "name": "textarea",
                      "next": null,
                      "parent": [Circular],
                      "prev": [Circular],
                      "type": "tag",
                    },
                    "parent": [Circular],
                    "prev": null,
                    "type": "tag",
                  },
                  Object {
                    "attribs": Object {
                      "class": "form-control",
                      "id": "formTaskDescription",
                      "placeholder": "Description",
                    },
                    "children": Array [
                      Object {
                        "data": "description...",
                        "next": null,
                        "parent": [Circular],
                        "prev": null,
                        "type": "text",
                      },
                    ],
                    "name": "textarea",
                    "next": null,
                    "parent": [Circular],
                    "prev": Object {
                      "attribs": Object {
                        "class": "control-label",
                        "for": "formTaskDescription",
                        "style": "margin:1em 0;",
                      },
                      "children": Array [
                        Object {
                          "data": "Description",
                          "next": null,
                          "parent": [Circular],
                          "prev": null,
                          "type": "text",
                        },
                      ],
                      "name": "label",
                      "next": [Circular],
                      "parent": [Circular],
                      "prev": null,
                      "type": "tag",
                    },
                    "type": "tag",
                  },
                ],
                "name": "div",
                "next": null,
                "parent": [Circular],
                "prev": null,
                "type": "tag",
              },
            ],
            "name": "div",
            "next": null,
            "parent": [Circular],
            "prev": Object {
              "attribs": Object {
                "class": "col-md-10",
              },
              "children": Array [
                Object {
                  "attribs": Object {
                    "class": "checkbox",
                  },
                  "children": Array [
                    Object {
                      "attribs": Object {},
                      "children": Array [
                        Object {
                          "attribs": Object {
                            "type": "checkbox",
                          },
                          "children": Array [],
                          "name": "input",
                          "next": Object {
                            "data": "Active",
                            "next": null,
                            "parent": [Circular],
                            "prev": [Circular],
                            "type": "text",
                          },
                          "parent": [Circular],
                          "prev": null,
                          "type": "tag",
                        },
                        Object {
                          "data": "Active",
                          "next": null,
                          "parent": [Circular],
                          "prev": Object {
                            "attribs": Object {
                              "type": "checkbox",
                            },
                            "children": Array [],
                            "name": "input",
                            "next": [Circular],
                            "parent": [Circular],
                            "prev": null,
                            "type": "tag",
                          },
                          "type": "text",
                        },
                      ],
                      "name": "label",
                      "next": null,
                      "parent": [Circular],
                      "prev": null,
                      "type": "tag",
                    },
                  ],
                  "name": "div",
                  "next": null,
                  "parent": [Circular],
                  "prev": null,
                  "type": "tag",
                },
              ],
              "name": "div",
              "next": [Circular],
              "parent": [Circular],
              "prev": Object {
                "attribs": Object {
                  "class": "col-md-10",
                },
                "children": Array [
                  Object {
                    "attribs": Object {
                      "class": "form-group",
                    },
                    "children": Array [
                      Object {
                        "attribs": Object {
                          "class": "control-label",
                          "for": "formTaskTitle",
                          "style": "margin:1em 0;",
                        },
                        "children": Array [
                          Object {
                            "data": "Title",
                            "next": null,
                            "parent": [Circular],
                            "prev": null,
                            "type": "text",
                          },
                        ],
                        "name": "label",
                        "next": Object {
                          "attribs": Object {
                            "class": "form-control",
                            "id": "formTaskTitle",
                            "placeholder": "Title",
                            "required": "",
                            "type": "text",
                            "value": "Test 1",
                          },
                          "children": Array [],
                          "name": "input",
                          "next": null,
                          "parent": [Circular],
                          "prev": [Circular],
                          "type": "tag",
                        },
                        "parent": [Circular],
                        "prev": null,
                        "type": "tag",
                      },
                      Object {
                        "attribs": Object {
                          "class": "form-control",
                          "id": "formTaskTitle",
                          "placeholder": "Title",
                          "required": "",
                          "type": "text",
                          "value": "Test 1",
                        },
                        "children": Array [],
                        "name": "input",
                        "next": null,
                        "parent": [Circular],
                        "prev": Object {
                          "attribs": Object {
                            "class": "control-label",
                            "for": "formTaskTitle",
                            "style": "margin:1em 0;",
                          },
                          "children": Array [
                            Object {
                              "data": "Title",
                              "next": null,
                              "parent": [Circular],
                              "prev": null,
                              "type": "text",
                            },
                          ],
                          "name": "label",
                          "next": [Circular],
                          "parent": [Circular],
                          "prev": null,
                          "type": "tag",
                        },
                        "type": "tag",
                      },
                    ],
                    "name": "div",
                    "next": null,
                    "parent": [Circular],
                    "prev": null,
                    "type": "tag",
                  },
                ],
                "name": "div",
                "next": [Circular],
                "parent": [Circular],
                "prev": Object {
                  "attribs": Object {
                    "class": "col-md-offset-8",
                  },
                  "children": Array [
                    Object {
                      "attribs": Object {
                        "class": "btn btn-default",
                        "type": "submit",
                      },
                      "children": Array [
                        Object {
                          "data": "Save changes",
                          "next": null,
                          "parent": [Circular],
                          "prev": null,
                          "type": "text",
                        },
                      ],
                      "name": "button",
                      "next": Object {
                        "data": " ",
                        "next": Object {
                          "attribs": Object {
                            "class": "btn btn-default",
                            "type": "button",
                          },
                          "children": Array [
                            Object {
                              "data": "Cancel",
                              "next": null,
                              "parent": [Circular],
                              "prev": null,
                              "type": "text",
                            },
                          ],
                          "name": "button",
                          "next": null,
                          "parent": [Circular],
                          "prev": [Circular],
                          "type": "tag",
                        },
                        "parent": [Circular],
                        "prev": [Circular],
                        "type": "text",
                      },
                      "parent": [Circular],
                      "prev": null,
                      "type": "tag",
                    },
                    Object {
                      "data": " ",
                      "next": Object {
                        "attribs": Object {
                          "class": "btn btn-default",
                          "type": "button",
                        },
                        "children": Array [
                          Object {
                            "data": "Cancel",
                            "next": null,
                            "parent": [Circular],
                            "prev": null,
                            "type": "text",
                          },
                        ],
                        "name": "button",
                        "next": null,
                        "parent": [Circular],
                        "prev": [Circular],
                        "type": "tag",
                      },
                      "parent": [Circular],
                      "prev": Object {
                        "attribs": Object {
                          "class": "btn btn-default",
                          "type": "submit",
                        },
                        "children": Array [
                          Object {
                            "data": "Save changes",
                            "next": null,
                            "parent": [Circular],
                            "prev": null,
                            "type": "text",
                          },
                        ],
                        "name": "button",
                        "next": [Circular],
                        "parent": [Circular],
                        "prev": null,
                        "type": "tag",
                      },
                      "type": "text",
                    },
                    Object {
                      "attribs": Object {
                        "class": "btn btn-default",
                        "type": "button",
                      },
                      "children": Array [
                        Object {
                          "data": "Cancel",
                          "next": null,
                          "parent": [Circular],
                          "prev": null,
                          "type": "text",
                        },
                      ],
                      "name": "button",
                      "next": null,
                      "parent": [Circular],
                      "prev": Object {
                        "data": " ",
                        "next": [Circular],
                        "parent": [Circular],
                        "prev": Object {
                          "attribs": Object {
                            "class": "btn btn-default",
                            "type": "submit",
                          },
                          "children": Array [
                            Object {
                              "data": "Save changes",
                              "next": null,
                              "parent": [Circular],
                              "prev": null,
                              "type": "text",
                            },
                          ],
                          "name": "button",
                          "next": [Circular],
                          "parent": [Circular],
                          "prev": null,
                          "type": "tag",
                        },
                        "type": "text",
                      },
                      "type": "tag",
                    },
                  ],
                  "name": "div",
                  "next": [Circular],
                  "parent": [Circular],
                  "prev": null,
                  "type": "tag",
                },
                "type": "tag",
              },
              "type": "tag",
            },
            "type": "tag",
          },
        ],
        "name": "form",
        "next": null,
        "parent": null,
        "prev": null,
        "root": [Circular],
        "type": "tag",
      },
    ],
    "name": "root",
    "next": null,
    "parent": null,
    "prev": null,
    "type": "root",
  },
  "_root": [Circular],
  "length": 1,
  "options": Object {
    "decodeEntities": true,
    "normalizeWhitespace": false,
    "withDomLvl1": true,
    "xmlMode": false,
  },
}
`;
